failed to load config from C:\IFI_SourceCode\Temp\WeltraumSpiel\.worktrees\Hestia-RD-followup-ebb913d-2026-10-07\experiments\hestia-rd-2026-10-02\reports\planner-followup-ebb913d\vitest.followup.config.mjs

⎯⎯⎯⎯⎯⎯⎯ Startup Error ⎯⎯⎯⎯⎯⎯⎯⎯
Error: Build failed with 1 error:

[plugin externalize-deps]
Error: spawn EPERM
    at ChildProcess.spawn (node:internal/child_process:420:11)
    at spawn (node:child_process:787:9)
    at Object.execFile (node:child_process:349:17)
    at exec (node:child_process:236:25)
    at optimizeSafeRealPathSync (file:///C:/IFI_SourceCode/Temp/WeltraumSpiel/.worktrees/Hestia-RD-followup-ebb913d-2026-10-07/experiments/hestia-rd-2026-10-02/reports/planner-followup-ebb913d/runtime/node_modules/vite/dist/node/chunks/node.js:2483:2)
    at windowsSafeRealPathSync (file:///C:/IFI_SourceCode/Temp/WeltraumSpiel/.worktrees/Hestia-RD-followup-ebb913d-2026-10-07/experiments/hestia-rd-2026-10-02/reports/planner-followup-ebb913d/runtime/node_modules/vite/dist/node/chunks/node.js:2469:3)
    at getRealPath (file:///C:/IFI_SourceCode/Temp/WeltraumSpiel/.worktrees/Hestia-RD-followup-ebb913d-2026-10-07/experiments/hestia-rd-2026-10-02/reports/planner-followup-ebb913d/runtime/node_modules/vite/dist/node/chunks/node.js:32509:36)
    at tryResolveRealFileOrType (file:///C:/IFI_SourceCode/Temp/WeltraumSpiel/.worktrees/Hestia-RD-followup-ebb913d-2026-10-07/experiments/hestia-rd-2026-10-02/reports/planner-followup-ebb913d/runtime/node_modules/vite/dist/node/chunks/node.js:32503:9)
    at tryCleanFsResolve (file:///C:/IFI_SourceCode/Temp/WeltraumSpiel/.worktrees/Hestia-RD-followup-ebb913d-2026-10-07/experiments/hestia-rd-2026-10-02/reports/planner-followup-ebb913d/runtime/node_modules/vite/dist/node/chunks/node.js:32252:21)
    at tryFsResolve (file:///C:/IFI_SourceCode/Temp/WeltraumSpiel/.worktrees/Hestia-RD-followup-ebb913d-2026-10-07/experiments/hestia-rd-2026-10-02/reports/planner-followup-ebb913d/runtime/node_modules/vite/dist/node/chunks/node.js:32245:14)
    at aggregateBindingErrorsIntoJsError (file:///C:/IFI_SourceCode/Temp/WeltraumSpiel/.worktrees/Hestia-RD-followup-ebb913d-2026-10-07/experiments/hestia-rd-2026-10-02/reports/planner-followup-ebb913d/runtime/node_modules/rolldown/dist/shared/error-BHRSI0R7.mjs:48:18)
    at unwrapBindingResult (file:///C:/IFI_SourceCode/Temp/WeltraumSpiel/.worktrees/Hestia-RD-followup-ebb913d-2026-10-07/experiments/hestia-rd-2026-10-02/reports/planner-followup-ebb913d/runtime/node_modules/rolldown/dist/shared/error-BHRSI0R7.mjs:18:128)
    at #build (file:///C:/IFI_SourceCode/Temp/WeltraumSpiel/.worktrees/Hestia-RD-followup-ebb913d-2026-10-07/experiments/hestia-rd-2026-10-02/reports/planner-followup-ebb913d/runtime/node_modules/rolldown/dist/shared/rolldown-build-CtPvmZgJ.mjs:3276:34)
    at async bundleConfigFile (file:///C:/IFI_SourceCode/Temp/WeltraumSpiel/.worktrees/Hestia-RD-followup-ebb913d-2026-10-07/experiments/hestia-rd-2026-10-02/reports/planner-followup-ebb913d/runtime/node_modules/vite/dist/node/chunks/node.js:36132:17)
    at async bundleAndLoadConfigFile (file:///C:/IFI_SourceCode/Temp/WeltraumSpiel/.worktrees/Hestia-RD-followup-ebb913d-2026-10-07/experiments/hestia-rd-2026-10-02/reports/planner-followup-ebb913d/runtime/node_modules/vite/dist/node/chunks/node.js:36040:18)
    at async loadConfigFromFile (file:///C:/IFI_SourceCode/Temp/WeltraumSpiel/.worktrees/Hestia-RD-followup-ebb913d-2026-10-07/experiments/hestia-rd-2026-10-02/reports/planner-followup-ebb913d/runtime/node_modules/vite/dist/node/chunks/node.js:36001:42)
    at async resolveConfig (file:///C:/IFI_SourceCode/Temp/WeltraumSpiel/.worktrees/Hestia-RD-followup-ebb913d-2026-10-07/experiments/hestia-rd-2026-10-02/reports/planner-followup-ebb913d/runtime/node_modules/vite/dist/node/chunks/node.js:35617:22)
    at async _createServer (file:///C:/IFI_SourceCode/Temp/WeltraumSpiel/.worktrees/Hestia-RD-followup-ebb913d-2026-10-07/experiments/hestia-rd-2026-10-02/reports/planner-followup-ebb913d/runtime/node_modules/vite/dist/node/chunks/node.js:25777:65)
    at async createViteServer (file:///C:/IFI_SourceCode/Temp/WeltraumSpiel/.worktrees/Hestia-RD-followup-ebb913d-2026-10-07/experiments/hestia-rd-2026-10-02/reports/planner-followup-ebb913d/runtime/node_modules/vitest/dist/chunks/cli-api.CnMVyzaz.js:8902:17)
    at async createVitest (file:///C:/IFI_SourceCode/Temp/WeltraumSpiel/.worktrees/Hestia-RD-followup-ebb913d-2026-10-07/experiments/hestia-rd-2026-10-02/reports/planner-followup-ebb913d/runtime/node_modules/vitest/dist/chunks/cli-api.CnMVyzaz.js:14288:18) {
  errors: [Getter/Setter]
}



