
Running 6 tests using 1 worker

(node:48372) Warning: The 'NO_COLOR' env is ignored due to the 'FORCE_COLOR' env being set.
(Use `node --trace-warnings ...` to show where the warning was created)
  ok 1 ..\..\tests\RD-13\native.spec.ts:7:1 › RAY01: unabhängiges CPU-DDA-Oracle für Randtreffer, negative Richtung, Nullkomponente, innen startenden Strahl und Unknown (1.6s)
  x  2 ..\..\tests\RD-13\native.spec.ts:14:1 › RAY02: Position/Depth/Material/Normal nach Edit stimmt mit belegter Quelle; keine geglättete SDF-Oberfläche (1.1s)
(node:44384) Warning: The 'NO_COLOR' env is ignored due to the 'FORCE_COLOR' env being set.
(Use `node --trace-warnings ...` to show where the warning was created)
  x  3 ..\..\tests\RD-13\native.spec.ts:22:1 › RAY03: Transform eines lokalen Volumens ändert keine Source-ID; Kamera im Volumen und Überhang korrekt (1.9s)
(node:39608) Warning: The 'NO_COLOR' env is ignored due to the 'FORCE_COLOR' env being set.
(Use `node --trace-warnings ...` to show where the warning was created)
  ok 4 ..\..\tests\RD-13\native.spec.ts:31:1 › RAY04: GPU-Formatlimit oder Uploadüberlauf scheitert vor Allokation; alte Volumenversion wird nicht weitergezeichnet (874ms)
  ok 5 ..\..\tests\RD-13\native.spec.ts:39:1 › normal controls, real greedy, source revisions, disposal, and no TestBridge on normal entry (1.1s)
  ok 6 ..\..\tests\RD-13\native.spec.ts:47:1 › selected F01 solid attachment depth / proxy fault under original translucent-water presentation; not an image-parity gate (2.4s)


  1) ..\..\tests\RD-13\native.spec.ts:14:1 › RAY02: Position/Depth/Material/Normal nach Edit stimmt mit belegter Quelle; keine geglättete SDF-Oberfläche 

    Error: page.evaluate: Error: Actual removed source cell required
        at r (http://127.0.0.1:5280/assets/validation-DshwGweA.js:1:106)
        at Object.probeEdit (http://127.0.0.1:5280/assets/entry8-CzSJrQ9J.js:2:6491)
        at async eval (eval at evaluate (:303:30), <anonymous>:3:11)
        at async <anonymous>:329:30
        at r (http://127.0.0.1:5280/assets/validation-DshwGweA.js:1:106)
        at Object.probeEdit (http://127.0.0.1:5280/assets/entry8-CzSJrQ9J.js:2:6491)
        at async eval (eval at evaluate (:303:30), <anonymous>:3:11)
        at async <anonymous>:329:30
        at C:\IFI_SourceCode\Temp\WeltraumSpiel\.worktrees\Hestia-RD-followup-ebb913d-2026-10-07\experiments\hestia-rd-2026-10-02\tests\RD-13\native.spec.ts:18:27

    Error Context: runs\ray-original-assertions-01\results\native-RAY02-Position-Dept-4e303-e-geglättete-SDF-Oberfläche\error-context.md

  2) ..\..\tests\RD-13\native.spec.ts:22:1 › RAY03: Transform eines lokalen Volumens ändert keine Source-ID; Kamera im Volumen und Überhang korrekt 

    Error: expect(received).toBeGreaterThan(expected)

    Matcher error: received value must be a number or bigint

    Received has value: undefined

      25 |   await page.fill('#tick','120'); await page.click('#seek'); await ready(page); const result=await page.evaluate(async()=>({volumes:(window as any).TestBridge.volumes(),
      26 |     inside:await (window as any).TestBridge.probe('fragment-wood',[0.9375,1.0625,0.3125],[0,1,0])}));
    > 27 |   expect(result.inside.status,JSON.stringify(result.inside)).toBe('PASS'); expect(result.inside.expected.t).toBeGreaterThan(0);
         |                                                                                                             ^
      28 |   const a=before.find((v:any)=>v.source.regionId==='fragment-wood'); const b=result.volumes.find((v:any)=>v.source.regionId==='fragment-wood');
      29 |   expect(b.source.sourceIds).toEqual(a.source.sourceIds); expect(b.source.ownerId).toBe(a.source.ownerId);
      30 | });
        at C:\IFI_SourceCode\Temp\WeltraumSpiel\.worktrees\Hestia-RD-followup-ebb913d-2026-10-07\experiments\hestia-rd-2026-10-02\tests\RD-13\native.spec.ts:27:109

    Error Context: runs\ray-original-assertions-01\results\native-RAY03-Transform-ein-fb4fb-olumen-und-Überhang-korrekt\error-context.md

  2 failed
    ..\..\tests\RD-13\native.spec.ts:14:1 › RAY02: Position/Depth/Material/Normal nach Edit stimmt mit belegter Quelle; keine geglättete SDF-Oberfläche 
    ..\..\tests\RD-13\native.spec.ts:22:1 › RAY03: Transform eines lokalen Volumens ändert keine Source-ID; Kamera im Volumen und Überhang korrekt 
  4 passed (11.3s)
