vite v8.1.5 building client environment for production...
[2K
transforming...✓ 714 modules transformed.
rendering chunks...
computing gzip size...
builds/candidate-direction-02/src/experiments/renderer-probe/index.html               1.80 kB │ gzip:   0.89 kB
builds/candidate-direction-02/src/experiments/camera-occlusion/index.html             2.15 kB │ gzip:   0.97 kB
builds/candidate-direction-02/src/experiments/rain/index.html                         2.50 kB │ gzip:   1.16 kB
builds/candidate-direction-02/src/experiments/wet-surface/index.html                  2.63 kB │ gzip:   1.18 kB
builds/candidate-direction-02/src/qa/combined-scene/index.html                        2.78 kB │ gzip:   1.16 kB
builds/candidate-direction-02/src/experiments/material-light/index.html               2.84 kB │ gzip:   1.24 kB
builds/candidate-direction-02/src/runner/index.html                                   2.87 kB │ gzip:   1.33 kB
builds/candidate-direction-02/src/experiments/foliage-wind/index.html                 2.87 kB │ gzip:   1.31 kB
builds/candidate-direction-02/src/experiments/three-webgpu/index.html                 3.19 kB │ gzip:   1.58 kB
builds/candidate-direction-02/src/experiments/voxel-rays/index.html                   3.29 kB │ gzip:   1.47 kB
builds/candidate-direction-02/src/tools/asset-inspector/index.html                    3.32 kB │ gzip:   1.43 kB
builds/candidate-direction-02/src/tools/foliage-workbench/index.html                  3.34 kB │ gzip:   1.30 kB
builds/candidate-direction-02/src/tools/weather-workbench/index.html                  3.62 kB │ gzip:   1.40 kB
builds/candidate-direction-02/src/experiments/babylon/index.html                      5.49 kB │ gzip:   1.97 kB
builds/candidate-direction-02/index.html                                              7.50 kB │ gzip:   2.46 kB
builds/candidate-direction-02/src/tools/variant-gallery/index.html                    9.39 kB │ gzip:   2.94 kB
builds/candidate-direction-02/assets/lab-Cycjz0bn.css                                 0.62 kB │ gzip:   0.39 kB
builds/candidate-direction-02/assets/entry14-C3oHPAO2.css                             2.06 kB │ gzip:   1.01 kB
builds/candidate-direction-02/assets/dds.pure-Drq3Lyf7.js                             0.06 kB │ gzip:   0.08 kB
builds/candidate-direction-02/assets/clearQuad.vertex-CHbWJOXM.js                     0.09 kB │ gzip:   0.09 kB
builds/candidate-direction-02/assets/clearQuad.fragment-BwyJM4Bg.js                   0.09 kB │ gzip:   0.09 kB
builds/candidate-direction-02/assets/abstractAudioBus-DFuOqLf2.js                     0.17 kB │ gzip:   0.17 kB │ map:     0.85 kB
builds/candidate-direction-02/assets/entry0-Bp_pXURJ.js                               0.21 kB │ gzip:   0.20 kB │ map:     0.43 kB
builds/candidate-direction-02/assets/clearQuad.fragment-DQbPmvKE.js                   0.34 kB │ gzip:   0.25 kB │ map:     0.81 kB
builds/candidate-direction-02/assets/precisionDate-CfCevjl-.js                        0.44 kB │ gzip:   0.27 kB │ map:     3.00 kB
builds/candidate-direction-02/assets/typeStore-Cq6cjp3s.js                            0.48 kB │ gzip:   0.30 kB │ map:     2.45 kB
builds/candidate-direction-02/assets/postprocess.vertex-DJCmMhI8.js                   0.51 kB │ gzip:   0.34 kB │ map:     0.96 kB
builds/candidate-direction-02/assets/shaderStore-D-XQlhUT.js                          0.51 kB │ gzip:   0.21 kB │ map:     2.65 kB
builds/candidate-direction-02/assets/clearQuad.vertex-BQfweATK.js                     0.57 kB │ gzip:   0.36 kB │ map:     1.06 kB
builds/candidate-direction-02/assets/rgbdDecode.fragment-Cdz2Tveq.js                  0.57 kB │ gzip:   0.38 kB │ map:     1.25 kB
builds/candidate-direction-02/assets/postprocess.vertex-CmVXXq2T.js                   0.64 kB │ gzip:   0.39 kB │ map:     1.09 kB
builds/candidate-direction-02/assets/math.scalar.functions-Bg-lysIT.js                0.65 kB │ gzip:   0.37 kB │ map:    12.53 kB
builds/candidate-direction-02/assets/sceneUboDeclaration-C_WIasrC.js                  0.71 kB │ gzip:   0.38 kB │ map:     1.71 kB
builds/candidate-direction-02/assets/rgbdDecode.fragment-DXl2fYur.js                  0.72 kB │ gzip:   0.42 kB │ map:     1.41 kB
builds/candidate-direction-02/assets/scenarioRunner-3SF5H-ov.js                       0.79 kB │ gzip:   0.46 kB │ map:     3.06 kB
builds/candidate-direction-02/assets/decalFragment-DWlMlk8p.js                        0.87 kB │ gzip:   0.46 kB │ map:     1.84 kB
builds/candidate-direction-02/assets/webAudioMainBus-C99Kvc2o.js                      0.97 kB │ gzip:   0.45 kB │ map:     3.62 kB
builds/candidate-direction-02/assets/mesh.vertexData.functions-CD4JOR2q.js            0.99 kB │ gzip:   0.53 kB │ map:     6.04 kB
builds/candidate-direction-02/assets/preload-helper-Czpn1I53.js                       1.19 kB │ gzip:   0.67 kB
builds/candidate-direction-02/assets/ddsTextureLoader-BUwJA_CE.js                     1.31 kB │ gzip:   0.64 kB │ map:     5.43 kB
builds/candidate-direction-02/assets/halfFloat-Ce77JD5z.js                            1.33 kB │ gzip:   0.65 kB │ map:     6.70 kB
builds/candidate-direction-02/assets/abstractSoundSource-Cp5c19tM.js                  1.54 kB │ gzip:   0.53 kB │ map:     4.31 kB
builds/candidate-direction-02/assets/compatibilityOptions-BIkaqVN-.js                 1.88 kB │ gzip:   0.83 kB │ map:    11.71 kB
builds/candidate-direction-02/assets/logger-CuBYPcDK.js                               1.92 kB │ gzip:   0.86 kB │ map:     6.95 kB
builds/candidate-direction-02/assets/native-cases-BEkU9LMb.js                         1.92 kB │ gzip:   0.85 kB │ map:     5.07 kB
builds/candidate-direction-02/assets/spatialWebAudioUpdaterComponent-Brjz8Dnv.js      1.96 kB │ gzip:   0.72 kB │ map:     7.36 kB
builds/candidate-direction-02/assets/validation-DshwGweA.js                           2.03 kB │ gzip:   1.04 kB │ map:     6.39 kB
builds/candidate-direction-02/assets/logDepthDeclaration-pYNAkkbq.js                  2.04 kB │ gzip:   0.70 kB │ map:     3.58 kB
builds/candidate-direction-02/assets/entry6-CafSfcJI.js                               2.16 kB │ gzip:   1.13 kB │ map:     5.98 kB
builds/candidate-direction-02/assets/logDepthDeclaration-BKcd_JEL.js                  2.21 kB │ gzip:   0.89 kB │ map:     4.76 kB
builds/candidate-direction-02/assets/webAudioBus-5tAL0plE.js                          2.32 kB │ gzip:   0.78 kB │ map:     7.29 kB
builds/candidate-direction-02/assets/hdrTextureLoader-BQVwkxK1.js                     2.36 kB │ gzip:   1.17 kB │ map:    14.93 kB
builds/candidate-direction-02/assets/webAudioSoundSource-CSsJPzfh.js                  2.38 kB │ gzip:   0.86 kB │ map:     7.77 kB
builds/candidate-direction-02/assets/foliage-lifecycle-CBz0Szk6.js                    2.52 kB │ gzip:   1.28 kB │ map:     6.87 kB
builds/candidate-direction-02/assets/iesTextureLoader-DW7mDJlx.js                     2.52 kB │ gzip:   1.11 kB │ map:    11.02 kB
builds/candidate-direction-02/assets/weather-field-M55Jb2pn.js                        2.67 kB │ gzip:   1.14 kB │ map:     6.85 kB
builds/candidate-direction-02/assets/entry5-CSAfJqe-.js                               2.70 kB │ gzip:   1.36 kB │ map:     7.48 kB
builds/candidate-direction-02/assets/webRequest-CNElM_Yd.js                           2.98 kB │ gzip:   1.10 kB │ map:    13.93 kB
builds/candidate-direction-02/assets/abstractSoundInstance-C5Ym6Fyc.js                3.14 kB │ gzip:   0.93 kB │ map:    10.58 kB
builds/candidate-direction-02/assets/observable.pure-CQcZJ-VL.js                      3.28 kB │ gzip:   1.15 kB │ map:    18.31 kB
builds/candidate-direction-02/assets/entry3-DFDjhWKT.js                               3.34 kB │ gzip:   1.65 kB │ map:     8.96 kB
builds/candidate-direction-02/assets/rain-shield-Meffmsaz.js                          3.36 kB │ gzip:   1.65 kB │ map:    12.89 kB
builds/candidate-direction-02/assets/tgaTextureLoader-KynGtpOM.js                     3.47 kB │ gzip:   1.39 kB │ map:    17.97 kB
builds/candidate-direction-02/assets/entry9-C2zx1tYm.js                               3.68 kB │ gzip:   1.75 kB │ map:    10.03 kB
builds/candidate-direction-02/assets/cubemapToSphericalPolynomial-DhoV4FkQ.js         3.78 kB │ gzip:   1.66 kB │ map:    19.83 kB
builds/candidate-direction-02/assets/entry11-dS1aTUv6.js                              3.84 kB │ gzip:   1.80 kB │ map:    11.27 kB
builds/candidate-direction-02/assets/entry4-DUUBSQ45.js                               3.99 kB │ gzip:   1.79 kB │ map:    10.66 kB
builds/candidate-direction-02/assets/abstractAudioNode-Cn3WIuFq.js                    4.05 kB │ gzip:   1.72 kB │ map:    16.96 kB
builds/candidate-direction-02/assets/entry2-BBSeKDIi.js                               4.44 kB │ gzip:   2.08 kB │ map:    11.32 kB
builds/candidate-direction-02/assets/render-C3ikeUxm.js                               4.70 kB │ gzip:   2.21 kB │ map:    12.47 kB
builds/candidate-direction-02/assets/entry1-Bo2b7zD5.js                               4.94 kB │ gzip:   2.13 kB │ map:    14.27 kB
builds/candidate-direction-02/assets/camera-occlusion-De_n8NDL.js                     5.04 kB │ gzip:   2.27 kB │ map:    13.62 kB
builds/candidate-direction-02/assets/instancesVertex-DuzGY6PP.js                      5.77 kB │ gzip:   1.24 kB │ map:     7.94 kB
builds/candidate-direction-02/assets/sphericalPolynomial.pure-ZzhnrSAS.js             5.79 kB │ gzip:   1.40 kB │ map:    25.05 kB
builds/candidate-direction-02/assets/helperFunctions-BH8P-eyq.js                      6.54 kB │ gzip:   2.22 kB │ map:     7.18 kB
builds/candidate-direction-02/assets/foliage-wind-feTBj32c.js                         6.55 kB │ gzip:   3.09 kB │ map:    20.06 kB
builds/candidate-direction-02/assets/helperFunctions-gEnZbjN3.js                      6.86 kB │ gzip:   2.35 kB │ map:     7.56 kB
builds/candidate-direction-02/assets/dds.pure-BFXX7v_R.js                             7.00 kB │ gzip:   2.57 kB │ map:    35.74 kB
builds/candidate-direction-02/assets/entry7-nefzD9t9.js                               7.01 kB │ gzip:   3.15 kB │ map:    19.75 kB
builds/candidate-direction-02/assets/entry13-C2BnMUSC.js                              7.41 kB │ gzip:   3.16 kB │ map:    20.98 kB
builds/candidate-direction-02/assets/entry8-B6dLOH-F.js                               7.52 kB │ gzip:   3.01 kB │ map:    18.60 kB
builds/candidate-direction-02/assets/assets-BpWN2jhF.js                               7.52 kB │ gzip:   3.04 kB │ map:    24.31 kB
builds/candidate-direction-02/assets/rain-n2mMpKu9.js                                 7.78 kB │ gzip:   3.41 kB │ map:    25.42 kB
builds/candidate-direction-02/assets/registration-D_7g0OPz.js                         8.27 kB │ gzip:   3.06 kB │ map:    17.43 kB
builds/candidate-direction-02/assets/ray-BJL00zqj.js                                  8.37 kB │ gzip:   3.29 kB │ map:    13.97 kB
builds/candidate-direction-02/assets/webAudioStreamingSound-BwDkMiDp.js               8.46 kB │ gzip:   2.47 kB │ map:    28.67 kB
builds/candidate-direction-02/assets/webAudioBaseSubGraph-udTGJwdS.js                 8.56 kB │ gzip:   2.16 kB │ map:    34.35 kB
builds/candidate-direction-02/assets/material-light-KgyoO8mM.js                       8.90 kB │ gzip:   3.54 kB │ map:    22.44 kB
builds/candidate-direction-02/assets/renderer-probe-DCbEV2S7.js                       9.25 kB │ gzip:   4.25 kB │ map:    26.01 kB
builds/candidate-direction-02/assets/qualification-CTTv-JYb.js                        9.36 kB │ gzip:   3.61 kB │ map:    20.77 kB
builds/candidate-direction-02/assets/webAudioStaticSound-CGi0-5-f.js                  9.43 kB │ gzip:   2.58 kB │ map:    33.55 kB
builds/candidate-direction-02/assets/wet-surface-BvAw8z7G.js                          9.83 kB │ gzip:   3.97 kB │ map:    28.55 kB
builds/candidate-direction-02/assets/entry12-D0lqO57h.js                             10.54 kB │ gzip:   4.71 kB │ map:    30.06 kB
builds/candidate-direction-02/assets/math.color.pure-BA2-Vki4.js                     12.56 kB │ gzip:   3.01 kB │ map:    83.82 kB
builds/candidate-direction-02/assets/exrTextureLoader-DrkWcbYP.js                    13.23 kB │ gzip:   4.88 kB │ map:    91.74 kB
builds/candidate-direction-02/assets/voxel-rays-D-4CbTPn.js                          13.65 kB │ gzip:   5.67 kB │ map:    39.04 kB
builds/candidate-direction-02/assets/spatialWebAudio-Cf4ptQOT.js                     14.26 kB │ gzip:   3.29 kB │ map:    48.64 kB
builds/candidate-direction-02/assets/experiment-BmMrTZST.js                          15.83 kB │ gzip:   5.76 kB │ map:    50.66 kB
builds/candidate-direction-02/assets/entry10-BbiK2KKQ.js                             16.45 kB │ gzip:   5.94 kB │ map:    26.33 kB
builds/candidate-direction-02/assets/ktxTextureLoader-DrhjQv31.js                    16.48 kB │ gzip:   4.83 kB │ map:    63.05 kB
builds/candidate-direction-02/assets/bufferUtils-DsvLulfh.js                         17.44 kB │ gzip:   6.03 kB │ map:    90.07 kB
builds/candidate-direction-02/assets/volume-CChKOT6L.js                              20.00 kB │ gzip:   7.21 kB │ map:   143.17 kB
builds/candidate-direction-02/assets/tools.pure-gyo-e2nz.js                          22.64 kB │ gzip:   7.82 kB │ map:   138.02 kB
builds/candidate-direction-02/assets/basisTextureLoader-DkwaOC7c.js                  27.46 kB │ gzip:   8.26 kB │ map:   121.93 kB
builds/candidate-direction-02/assets/default.vertex-ZC5TzuFQ.js                      29.87 kB │ gzip:   6.07 kB │ map:    50.54 kB
builds/candidate-direction-02/assets/envTextureLoader-B-tEBA8i.js                    31.77 kB │ gzip:   8.97 kB │ map:   146.36 kB
builds/candidate-direction-02/assets/baseTexture.pure-Bi8AIM1h.js                    31.94 kB │ gzip:   8.74 kB │ map:   177.58 kB
builds/candidate-direction-02/assets/fixture-BxdmlSju.js                             33.71 kB │ gzip:  10.87 kB │ map:    37.67 kB
builds/candidate-direction-02/assets/entry15-BfHuS6XY.js                             37.46 kB │ gzip:  11.37 kB │ map:    23.73 kB
builds/candidate-direction-02/assets/default.vertex-DqXsb47B.js                      44.08 kB │ gzip:   7.20 kB │ map:    62.93 kB
builds/candidate-direction-02/assets/drawWrapper-CGviMf5N.js                         62.19 kB │ gzip:  15.44 kB │ map:   252.99 kB
builds/candidate-direction-02/assets/math.vector.pure-CMwVmuSv.js                    65.09 kB │ gzip:  15.98 kB │ map:   429.62 kB
builds/candidate-direction-02/assets/default.fragment-DnHL1jEV.js                   112.57 kB │ gzip:  23.07 kB │ map:   136.13 kB
builds/candidate-direction-02/assets/default.fragment-CPqLvicJ.js                   116.91 kB │ gzip:  22.81 kB │ map:   138.68 kB
builds/candidate-direction-02/assets/three.core-hj_ubAER.js                         216.47 kB │ gzip:  55.95 kB │ map: 1,829.80 kB
builds/candidate-direction-02/assets/three-control-Dd8F4POs.js                      358.95 kB │ gzip:  88.97 kB │ map:   967.37 kB
builds/candidate-direction-02/assets/entry14-Bfup8POd.js                            389.64 kB │ gzip:  96.21 kB │ map:   149.95 kB
builds/candidate-direction-02/assets/three-webgpu-BB0u5_DH.js                       659.51 kB │ gzip: 186.42 kB │ map: 3,163.84 kB
builds/candidate-direction-02/assets/babylon-CHYCXaf9.js                          1,077.71 kB │ gzip: 255.33 kB │ map: 4,344.79 kB

✓ built in 1.56s
[plugin builtin:vite-reporter] 
(!) Some chunks are larger than 500 kB after minification. Consider:
- Using dynamic import() to code-split the application
- Use build.rolldownOptions.output.codeSplitting to improve chunking: https://rolldown.rs/reference/OutputOptions.codeSplitting
- Adjust chunk size limit for this warning via build.chunkSizeWarningLimit.
{"runId":"candidate-direction-02","sourceFiles":83,"unchangedDuringBuild":true,"out":"C:\\IFI_SourceCode\\Temp\\WeltraumSpiel\\.worktrees\\Hestia-RD-followup-ebb913d-2026-10-07\\experiments\\hestia-rd-2026-10-02\\reports\\planner-followup-ebb913d\\builds\\candidate-direction-02"}
