vite v8.1.5 building client environment for production...
[2K
transforming...✓ 138 modules transformed.
✗ Build failed in 149ms
node:internal/modules/run_main:123
    triggerUncaughtException(
    ^

Build failed with 19 errors:

[UNLOADABLE_DEPENDENCY] Could not load runtime/node_modules/@babylonjs/core/index.js/Engines/webgpuEngine.js
   ╭─[ ../../src/experiments/babylon/index.ts:2:30 ]
   │
 2 │ import { WebGPUEngine } from "@babylonjs/core/Engines/webgpuEngine.js";
   │                              ────────────────────┬────────────────────  
   │                                                  ╰────────────────────── Das System kann den angegebenen Pfad nicht finden. (os error 3)
───╯

[UNLOADABLE_DEPENDENCY] Could not load runtime/node_modules/@babylonjs/core/index.js/Engines/engine.js
   ╭─[ ../../src/experiments/babylon/index.ts:1:24 ]
   │
 1 │ import { Engine } from "@babylonjs/core/Engines/engine.js";
   │                        ─────────────────┬─────────────────  
   │                                         ╰─────────────────── Das System kann den angegebenen Pfad nicht finden. (os error 3)
───╯

[UNLOADABLE_DEPENDENCY] Could not load runtime/node_modules/@babylonjs/core/index.js/Maths/math.vector.js
   ╭─[ ../../src/experiments/babylon/index.ts:7:25 ]
   │
 7 │ import { Vector3 } from "@babylonjs/core/Maths/math.vector.js";
   │                         ───────────────────┬──────────────────  
   │                                            ╰──────────────────── Das System kann den angegebenen Pfad nicht finden. (os error 3)
───╯

[UNLOADABLE_DEPENDENCY] Could not load runtime/node_modules/@babylonjs/core/index.js/Engines/abstractEngine.js
   ╭─[ ../../src/experiments/babylon/index.ts:3:32 ]
   │
 3 │ import { AbstractEngine } from "@babylonjs/core/Engines/abstractEngine.js";
   │                                ─────────────────────┬─────────────────────  
   │                                                     ╰─────────────────────── Das System kann den angegebenen Pfad nicht finden. (os error 3)
───╯

[UNLOADABLE_DEPENDENCY] Could not load runtime/node_modules/@babylonjs/core/index.js/Engines/engine.common.js
   ╭─[ ../../src/experiments/babylon/index.ts:4:32 ]
   │
 4 │ import { _CommonDispose } from "@babylonjs/core/Engines/engine.common.js";
   │                                ─────────────────────┬────────────────────  
   │                                                     ╰────────────────────── Das System kann den angegebenen Pfad nicht finden. (os error 3)
───╯

...
    at aggregateBindingErrorsIntoJsError (file:///C:/IFI_SourceCode/Temp/WeltraumSpiel/.worktrees/Hestia-RD-followup-ebb913d-2026-10-07/experiments/hestia-rd-2026-10-02/reports/planner-followup-ebb913d/runtime/node_modules/rolldown/dist/shared/error-BHRSI0R7.mjs:48:18)
    at unwrapBindingResult (file:///C:/IFI_SourceCode/Temp/WeltraumSpiel/.worktrees/Hestia-RD-followup-ebb913d-2026-10-07/experiments/hestia-rd-2026-10-02/reports/planner-followup-ebb913d/runtime/node_modules/rolldown/dist/shared/error-BHRSI0R7.mjs:18:128)
    at #build (file:///C:/IFI_SourceCode/Temp/WeltraumSpiel/.worktrees/Hestia-RD-followup-ebb913d-2026-10-07/experiments/hestia-rd-2026-10-02/reports/planner-followup-ebb913d/runtime/node_modules/rolldown/dist/shared/rolldown-build-CtPvmZgJ.mjs:3276:34)
    at async buildEnvironment (file:///C:/IFI_SourceCode/Temp/WeltraumSpiel/.worktrees/Hestia-RD-followup-ebb913d-2026-10-07/experiments/hestia-rd-2026-10-02/reports/planner-followup-ebb913d/runtime/node_modules/vite/dist/node/chunks/node.js:33061:66)
    at async Object.build (file:///C:/IFI_SourceCode/Temp/WeltraumSpiel/.worktrees/Hestia-RD-followup-ebb913d-2026-10-07/experiments/hestia-rd-2026-10-02/reports/planner-followup-ebb913d/runtime/node_modules/vite/dist/node/chunks/node.js:33483:19)
    at async file:///C:/IFI_SourceCode/Temp/WeltraumSpiel/.worktrees/Hestia-RD-followup-ebb913d-2026-10-07/experiments/hestia-rd-2026-10-02/reports/planner-followup-ebb913d/build.mjs:19:1 {
  errors: [Getter/Setter]
}

Node.js v22.23.2
