reports/RD-13/phase2-16a5d29a/playwright.config.ts(16,18): error TS2769: No overload matches this call.
  The last overload gave the following error.
    Type 'string | undefined' is not assignable to type 'string'.
      Type 'undefined' is not assignable to type 'string'.
tests/RD-13/phase2-numeric-16a5d29a.ts(42,56): error TS18047: 'gl' is possibly 'null'.
tests/RD-13/phase2-numeric-16a5d29a.ts(42,71): error TS18047: 'gl' is possibly 'null'.
tests/RD-13/phase2-numeric-16a5d29a.ts(42,88): error TS18047: 'gl' is possibly 'null'.
tests/RD-13/phase2-numeric-16a5d29a.ts(42,105): error TS18047: 'gl' is possibly 'null'.
tests/RD-13/phase2-numeric-16a5d29a.ts(42,119): error TS18047: 'gl' is possibly 'null'.
tests/RD-13/phase2-numeric-16a5d29a.ts(42,141): error TS18047: 'gl' is possibly 'null'.
tests/RD-13/phase2-numeric-16a5d29a.ts(42,153): error TS18047: 'gl' is possibly 'null'.
tests/RD-13/phase2-numeric-16a5d29a.ts(42,170): error TS18047: 'gl' is possibly 'null'.
tests/RD-13/phase2-numeric-16a5d29a.ts(42,184): error TS18047: 'gl' is possibly 'null'.
tests/RD-13/phase2-numeric-16a5d29a.ts(42,206): error TS18047: 'gl' is possibly 'null'.
tests/RD-13/phase2-numeric-16a5d29a.ts(43,4): error TS18047: 'gl' is possibly 'null'.
tests/RD-13/phase2-numeric-16a5d29a.ts(43,18): error TS18047: 'gl' is possibly 'null'.
tests/RD-13/phase2-numeric-16a5d29a.ts(43,56): error TS18047: 'gl' is possibly 'null'.
tests/RD-13/phase2-numeric-16a5d29a.ts(43,67): error TS18047: 'gl' is possibly 'null'.
tests/RD-13/phase2-numeric-16a5d29a.ts(43,75): error TS18047: 'gl' is possibly 'null'.
tests/RD-13/phase2-numeric-16a5d29a.ts(43,94): error TS18047: 'gl' is possibly 'null'.
tests/RD-13/phase2-observe-16a5d29a.ts(55,158): error TS2683: 'this' implicitly has type 'any' because it does not have a type annotation.
tests/RD-13/phase2-observe-16a5d29a.ts(57,57): error TS2683: 'this' implicitly has type 'any' because it does not have a type annotation.
tests/RD-13/phase2-observe-16a5d29a.ts(77,58): error TS2783: 'errors' is specified more than once, so this usage will be overwritten.
