{
  "stats": {
    "startTime": "2026-10-04T17:50:11.896Z",
    "duration": 87078.03,
    "expected": 2,
    "skipped": 0,
    "unexpected": 8,
    "flaky": 0
  },
  "reportConfigKeys": [
    "argv",
    "configFile",
    "rootDir",
    "failOnFlakyTests",
    "forbidOnly",
    "fullyParallel",
    "globalSetup",
    "globalTeardown",
    "globalTimeout",
    "grep",
    "grepInvert",
    "maxFailures",
    "metadata",
    "preserveOutput",
    "projects",
    "quiet",
    "reporter",
    "reportSlowTests",
    "shard",
    "tags",
    "updateSnapshots",
    "updateSourceMethod",
    "version",
    "workers",
    "webServer"
  ],
  "projectUseKeys": [
    []
  ],
  "includesPrivateTransport": false,
  "cases": [
    {
      "file": "602461a8e9c6ca5d922b-01f90e4166f6ab9fe7b8-0.json",
      "bytes": 183538,
      "title": "RAY03: Transform eines lokalen Volumens ändert keine Source-ID; Kamera im Volumen und Überhang korrekt",
      "status": "failed",
      "ownErrors": [],
      "networkCount": 37,
      "networkProblems": [
        {
          "url": "http://127.0.0.1:5280/inventory.json",
          "failure": {
            "errorText": "net::ERR_ABORTED"
          }
        },
        {
          "url": "http://127.0.0.1:5280/inventory.json",
          "status": 200,
          "bodyError": "Error: response.body: Protocol error (Network.getResponseBody): No data found for resource with given identifier"
        }
      ],
      "contexts": 1,
      "created": {
        "createTexture": 4,
        "createFramebuffer": 3,
        "createBuffer": 1,
        "createProgram": 1,
        "createShader": 2,
        "createVertexArray": 1
      },
      "deleted": {
        "deleteShader": 2,
        "deleteBuffer": 1,
        "deleteVertexArray": 1,
        "deleteProgram": 1
      },
      "raf": {
        "requested": 1,
        "settled": 1,
        "cancelled": 2,
        "active": 0
      },
      "shaderCount": 2,
      "readbacks": 0
    },
    {
      "file": "602461a8e9c6ca5d922b-d6644af111ad5881adf2-0.json",
      "bytes": 183438,
      "title": "RAY02: Position/Depth/Material/Normal nach Edit stimmt mit belegter Quelle; keine geglättete SDF-Oberfläche",
      "status": "failed",
      "ownErrors": [],
      "networkCount": 36,
      "networkProblems": [],
      "contexts": 1,
      "created": {
        "createTexture": 4,
        "createFramebuffer": 3,
        "createBuffer": 1,
        "createProgram": 1,
        "createShader": 2,
        "createVertexArray": 1
      },
      "deleted": {
        "deleteShader": 2,
        "deleteBuffer": 1,
        "deleteVertexArray": 1,
        "deleteProgram": 1
      },
      "raf": {
        "requested": 1,
        "settled": 1,
        "cancelled": 2,
        "active": 0
      },
      "shaderCount": 2,
      "readbacks": 0
    },
    {
      "file": "602461a8e9c6ca5d922b-dada161e44d3df207d45-0.json",
      "bytes": 183388,
      "title": "RAY01: unabhängiges CPU-DDA-Oracle für Randtreffer, negative Richtung, Nullkomponente, innen startenden Strahl und Unknown",
      "status": "failed",
      "ownErrors": [],
      "networkCount": 36,
      "networkProblems": [],
      "contexts": 1,
      "created": {
        "createTexture": 4,
        "createFramebuffer": 3,
        "createBuffer": 1,
        "createProgram": 1,
        "createShader": 2,
        "createVertexArray": 1
      },
      "deleted": {
        "deleteShader": 2,
        "deleteBuffer": 1,
        "deleteVertexArray": 1,
        "deleteProgram": 1
      },
      "raf": {
        "requested": 1,
        "settled": 1,
        "cancelled": 2,
        "active": 0
      },
      "shaderCount": 2,
      "readbacks": 0
    },
    {
      "file": "602461a8e9c6ca5d922b-dda7db0095ea54f4b980-0.json",
      "bytes": 183390,
      "title": "RAY04: GPU-Formatlimit oder Uploadüberlauf scheitert vor Allokation; alte Volumenversion wird nicht weitergezeichnet",
      "status": "failed",
      "ownErrors": [],
      "networkCount": 36,
      "networkProblems": [],
      "contexts": 1,
      "created": {
        "createTexture": 4,
        "createFramebuffer": 3,
        "createBuffer": 1,
        "createProgram": 1,
        "createShader": 2,
        "createVertexArray": 1
      },
      "deleted": {
        "deleteShader": 2,
        "deleteBuffer": 1,
        "deleteVertexArray": 1,
        "deleteProgram": 1
      },
      "raf": {
        "requested": 1,
        "settled": 1,
        "cancelled": 2,
        "active": 0
      },
      "shaderCount": 2,
      "readbacks": 0
    },
    {
      "file": "602461a8e9c6ca5d922b-e4bb4e44b76a9aedc3b3-0.json",
      "bytes": 183311,
      "title": "normal controls, real greedy, source revisions, disposal, and no TestBridge on normal entry",
      "status": "failed",
      "ownErrors": [],
      "networkCount": 36,
      "networkProblems": [],
      "contexts": 1,
      "created": {
        "createTexture": 4,
        "createFramebuffer": 3,
        "createBuffer": 1,
        "createProgram": 1,
        "createShader": 2,
        "createVertexArray": 1
      },
      "deleted": {
        "deleteShader": 2,
        "deleteBuffer": 1,
        "deleteVertexArray": 1,
        "deleteProgram": 1
      },
      "raf": {
        "requested": 1,
        "settled": 1,
        "cancelled": 2,
        "active": 0
      },
      "shaderCount": 2,
      "readbacks": 0
    },
    {
      "file": "602461a8e9c6ca5d922b-f1ce1fef534bae4ad5fd-0.json",
      "bytes": 183657,
      "title": "selected F01 solid attachment depth / proxy fault under original translucent-water presentation; not an image-parity gate",
      "status": "failed",
      "ownErrors": [],
      "networkCount": 37,
      "networkProblems": [
        {
          "url": "http://127.0.0.1:5280/F00-CONTROL/payloads/control-cells-slot-1-positions.bin",
          "failure": {
            "errorText": "net::ERR_ABORTED"
          }
        },
        {
          "url": "http://127.0.0.1:5280/F00-CONTROL/payloads/control-cells-slot-1-positions.bin",
          "status": 200,
          "bodyError": "Error: response.body: Protocol error (Network.getResponseBody): No data found for resource with given identifier"
        }
      ],
      "contexts": 1,
      "created": {
        "createTexture": 4,
        "createFramebuffer": 3,
        "createBuffer": 1,
        "createProgram": 1,
        "createShader": 2,
        "createVertexArray": 1
      },
      "deleted": {
        "deleteShader": 2,
        "deleteBuffer": 1,
        "deleteVertexArray": 1,
        "deleteProgram": 1
      },
      "raf": {
        "requested": 1,
        "settled": 1,
        "cancelled": 2,
        "active": 0
      },
      "shaderCount": 2,
      "readbacks": 0
    },
    {
      "file": "f92d190c9fcb38209a65-0479a647062decd0715d-0.json",
      "bytes": 867464,
      "title": "supplement v1: original geometric probes without substituting their authored ready gate",
      "status": "failed",
      "ownErrors": [],
      "networkCount": 38,
      "networkProblems": [],
      "contexts": 18,
      "created": {
        "createTexture": 106,
        "createFramebuffer": 20,
        "createBuffer": 1,
        "createProgram": 18,
        "createShader": 36,
        "createVertexArray": 1
      },
      "deleted": {
        "deleteShader": 36,
        "deleteBuffer": 1,
        "deleteVertexArray": 1,
        "deleteProgram": 18,
        "deleteTexture": 102,
        "deleteFramebuffer": 17
      },
      "raf": {
        "requested": 18,
        "settled": 18,
        "cancelled": 2,
        "active": 0
      },
      "shaderCount": 36,
      "readbacks": 0
    },
    {
      "file": "f92d190c9fcb38209a65-3ee689af714b72597551-0.json",
      "bytes": 690529,
      "title": "supplement v1: R1 terminal facts after real F06 adoption only, no forced ready state",
      "status": "passed",
      "ownErrors": [],
      "networkCount": 80,
      "networkProblems": [],
      "contexts": 1,
      "created": {
        "createTexture": 8,
        "createFramebuffer": 6,
        "createBuffer": 4,
        "createProgram": 2,
        "createShader": 4,
        "createVertexArray": 2
      },
      "deleted": {
        "deleteShader": 4,
        "deleteBuffer": 4,
        "deleteVertexArray": 2,
        "deleteProgram": 2
      },
      "raf": {
        "requested": 107,
        "settled": 106,
        "cancelled": 4,
        "active": 0
      },
      "shaderCount": 4,
      "readbacks": 0
    },
    {
      "file": "f92d190c9fcb38209a65-bf30c1be919386120cb7-0.json",
      "bytes": 5940497,
      "title": "supplement v1: normal home/gallery visible links and bounded ordinary control/compositor matrix, diagnostic collection not native acceptance",
      "status": "passed",
      "ownErrors": [],
      "networkCount": 765,
      "networkProblems": [
        {
          "url": "http://127.0.0.1:5280/F01-HVP-COAST/payloads/coast-crop-material-slots.bin",
          "failure": {
            "errorText": "net::ERR_ABORTED"
          }
        },
        {
          "url": "http://127.0.0.1:5280/F01-HVP-COAST/payloads/coast-crop-occupancy.bin",
          "failure": {
            "errorText": "net::ERR_ABORTED"
          }
        },
        {
          "url": "http://127.0.0.1:5280/F01-HVP-COAST/payloads/coast-crop-material-slots.bin",
          "status": 200,
          "bodyError": "Error: response.body: Protocol error (Network.getResponseBody): No resource with given identifier found"
        },
        {
          "url": "http://127.0.0.1:5280/F01-HVP-COAST/payloads/coast-crop-occupancy.bin",
          "status": 200,
          "bodyError": "Error: response.body: Protocol error (Network.getResponseBody): No resource with given identifier found"
        },
        {
          "url": "http://127.0.0.1:5280/inventory.json",
          "failure": {
            "errorText": "net::ERR_ABORTED"
          }
        },
        {
          "url": "http://127.0.0.1:5280/inventory.json",
          "status": 200,
          "bodyError": "Error: response.body: Protocol error (Network.getResponseBody): No data found for resource with given identifier"
        },
        {
          "url": "http://127.0.0.1:5280/F03-SHELTER/payloads/removable-roof-cells-slot-1-positions.bin",
          "failure": {
            "errorText": "net::ERR_ABORTED"
          }
        },
        {
          "url": "http://127.0.0.1:5280/F03-SHELTER/payloads/removable-roof-cells-slot-1-positions.bin",
          "status": 200,
          "bodyError": "Error: response.body: Protocol error (Network.getResponseBody): No data found for resource with given identifier"
        },
        {
          "url": "http://127.0.0.1:5280/inventory.json",
          "failure": {
            "errorText": "net::ERR_ABORTED"
          }
        },
        {
          "url": "http://127.0.0.1:5280/inventory.json",
          "status": 200,
          "bodyError": "Error: response.body: Protocol error (Network.getResponseBody): No data found for resource with given identifier"
        },
        {
          "url": "http://127.0.0.1:5280/F01-HVP-COAST/payloads/coast-crop-coverage.bin",
          "failure": {
            "errorText": "net::ERR_ABORTED"
          }
        },
        {
          "url": "http://127.0.0.1:5280/F01-HVP-COAST/payloads/coast-crop-coverage.bin",
          "status": 200,
          "bodyError": "Error: response.body: Protocol error (Network.getResponseBody): No data found for resource with given identifier"
        },
        {
          "url": "http://127.0.0.1:5280/F01-HVP-COAST/payloads/coast-crop-material-slots.bin",
          "failure": {
            "errorText": "net::ERR_ABORTED"
          }
        },
        {
          "url": "http://127.0.0.1:5280/F01-HVP-COAST/payloads/coast-crop-material-slots.bin",
          "status": 200,
          "bodyError": "Error: response.body: Protocol error (Network.getResponseBody): No data found for resource with given identifier"
        },
        {
          "url": "http://127.0.0.1:5280/F01-HVP-COAST/payloads/coast-slot-1-colors.bin",
          "failure": {
            "errorText": "net::ERR_ABORTED"
          }
        },
        {
          "url": "http://127.0.0.1:5280/F01-HVP-COAST/payloads/coast-slot-1-colors.bin",
          "status": 200,
          "bodyError": "Error: response.body: Protocol error (Network.getResponseBody): No data found for resource with given identifier"
        },
        {
          "url": "http://127.0.0.1:5280/F01-HVP-COAST/payloads/plant-0-decor-material-slots.bin",
          "failure": {
            "errorText": "net::ERR_ABORTED"
          }
        },
        {
          "url": "http://127.0.0.1:5280/F01-HVP-COAST/payloads/plant-0-decor-material-slots.bin",
          "status": 200,
          "bodyError": "Error: response.body: Protocol error (Network.getResponseBody): No data found for resource with given identifier"
        },
        {
          "url": "http://127.0.0.1:5280/F01-HVP-COAST/payloads/coast-crop-material-slots.bin",
          "failure": {
            "errorText": "net::ERR_ABORTED"
          }
        },
        {
          "url": "http://127.0.0.1:5280/F01-HVP-COAST/payloads/coast-crop-material-slots.bin",
          "status": 200,
          "bodyError": "Error: response.body: Protocol error (Network.getResponseBody): No data found for resource with given identifier"
        },
        {
          "url": "http://127.0.0.1:5280/F01-HVP-COAST/payloads/coast-crop-occupancy.bin",
          "failure": {
            "errorText": "net::ERR_ABORTED"
          }
        },
        {
          "url": "http://127.0.0.1:5280/F01-HVP-COAST/payloads/coast-crop-occupancy.bin",
          "status": 200,
          "bodyError": "Error: response.body: Protocol error (Network.getResponseBody): No data found for resource with given identifier"
        },
        {
          "url": "http://127.0.0.1:5280/F01-HVP-COAST/payloads/plant-0-decor-material-slots.bin",
          "failure": {
            "errorText": "net::ERR_ABORTED"
          }
        },
        {
          "url": "http://127.0.0.1:5280/F01-HVP-COAST/payloads/plant-0-decor-material-slots.bin",
          "status": 200,
          "bodyError": "Error: response.body: Protocol error (Network.getResponseBody): No data found for resource with given identifier"
        },
        {
          "url": "http://127.0.0.1:5280/F01-HVP-COAST/payloads/plant-0-wood-coverage.bin",
          "failure": {
            "errorText": "net::ERR_ABORTED"
          }
        },
        {
          "url": "http://127.0.0.1:5280/F01-HVP-COAST/payloads/plant-0-wood-coverage.bin",
          "status": 200,
          "bodyError": "Error: response.body: Protocol error (Network.getResponseBody): No data found for resource with given identifier"
        },
        {
          "url": "http://127.0.0.1:5280/F01-HVP-COAST/payloads/plant-0-wood-occupancy.bin",
          "failure": {
            "errorText": "net::ERR_ABORTED"
          }
        },
        {
          "url": "http://127.0.0.1:5280/F01-HVP-COAST/payloads/plant-0-wood-occupancy.bin",
          "status": 200,
          "bodyError": "Error: response.body: Protocol error (Network.getResponseBody): No data found for resource with given identifier"
        },
        {
          "url": "http://127.0.0.1:5280/F01-HVP-COAST/payloads/plant-0-wood-slot-1-indices.bin",
          "failure": {
            "errorText": "net::ERR_ABORTED"
          }
        },
        {
          "url": "http://127.0.0.1:5280/F01-HVP-COAST/payloads/plant-0-wood-slot-1-indices.bin",
          "status": 200,
          "bodyError": "Error: response.body: Protocol error (Network.getResponseBody): No data found for resource with given identifier"
        }
      ],
      "contexts": 1,
      "created": {
        "createTexture": 60,
        "createFramebuffer": 45,
        "createBuffer": 59,
        "createProgram": 17,
        "createShader": 34,
        "createVertexArray": 23
      },
      "deleted": {
        "deleteShader": 34,
        "deleteBuffer": 59,
        "deleteVertexArray": 23,
        "deleteProgram": 17
      },
      "raf": {
        "requested": 923,
        "settled": 915,
        "cancelled": 30,
        "active": 0
      },
      "shaderCount": 34,
      "readbacks": 0
    },
    {
      "file": "f92d190c9fcb38209a65-f62c70ff40e2d09b708f-0.json",
      "bytes": 253115,
      "title": "supplement v1: native visible-mode P2 witness with actual float MRT and resolved attachment depth",
      "status": "failed",
      "ownErrors": [],
      "networkCount": 39,
      "networkProblems": [
        {
          "url": "http://127.0.0.1:5280/F00-CONTROL/payloads/control-cells-slot-2-normals.bin",
          "failure": {
            "errorText": "net::ERR_ABORTED"
          }
        },
        {
          "url": "http://127.0.0.1:5280/F00-CONTROL/payloads/control-cells-slot-2-normals.bin",
          "status": 200,
          "bodyError": "Error: response.body: Protocol error (Network.getResponseBody): No data found for resource with given identifier"
        },
        {
          "url": "http://127.0.0.1:5280/F00-CONTROL/payloads/control-cells-slot-2-positions.bin",
          "failure": {
            "errorText": "net::ERR_ABORTED"
          }
        },
        {
          "url": "http://127.0.0.1:5280/F00-CONTROL/payloads/control-cells-slot-2-positions.bin",
          "status": 200,
          "bodyError": "Error: response.body: Protocol error (Network.getResponseBody): No data found for resource with given identifier"
        },
        {
          "url": "http://127.0.0.1:5280/F00-CONTROL/payloads/control-cells-slot-5-normals.bin",
          "failure": {
            "errorText": "net::ERR_ABORTED"
          }
        },
        {
          "url": "http://127.0.0.1:5280/F00-CONTROL/payloads/control-cells-slot-5-normals.bin",
          "status": 200,
          "bodyError": "Error: response.body: Protocol error (Network.getResponseBody): No data found for resource with given identifier"
        }
      ],
      "contexts": 2,
      "created": {
        "createTexture": 10,
        "createFramebuffer": 4,
        "createBuffer": 1,
        "createProgram": 2,
        "createShader": 4,
        "createVertexArray": 1
      },
      "deleted": {
        "deleteShader": 4,
        "deleteBuffer": 1,
        "deleteVertexArray": 1,
        "deleteProgram": 2,
        "deleteTexture": 6,
        "deleteFramebuffer": 1
      },
      "raf": {
        "requested": 17,
        "settled": 17,
        "cancelled": 2,
        "active": 0
      },
      "shaderCount": 4,
      "readbacks": 0
    }
  ],
  "captures": [
    {
      "name": "explicit-dispose",
      "stable": true,
      "status": "Disposed; no render loop owned by this entry. Failure history retained.",
      "bridge": false,
      "selections": {
        "fixture": "F03-SHELTER-REPLAY",
        "variant": "greedy-no-ao",
        "camera": "medium",
        "tick": "0",
        "resolution": "960x540",
        "dpr": "2"
      },
      "canvas": null,
      "ui": {
        "path": "explicit-dispose-ui.png",
        "bytes": 44430,
        "sha256": "899c1107504a4e228f8ec0a1c9757f63d83f75f1da95b00c1042f60764296d1a",
        "width": 1600,
        "height": 1100
      },
      "box": null,
      "frame": {
        "cameraId": "medium",
        "paused": false,
        "seconds": 0,
        "sourceRevision": 0,
        "tick": 0,
        "weather": {
          "cloud01": 0.1,
          "rain01": 0,
          "snow01": 0,
          "windMps": [
            0,
            0,
            0
          ]
        }
      },
      "source": [
        {
          "ownerId": "removable-roof",
          "sourceNamespace": "rd02-authored-cells-v1",
          "sourceRevision": 0,
          "regionId": "removable-roof-cells",
          "fixtureDigest": "442cf721ac4cccdc75004e9d03848fa57cebaac2a9b930ab731bbead417af3b2",
          "recipeSha256": "0ff438e3dcc43bcbe33069577b8cd1c61a3ab6752ccc37cdb3b892ca1d886af4",
          "sourceIds": [
            "roof-piece"
          ],
          "sourceIdMeaning": {},
          "originalDimensions": [
            8,
            1,
            17
          ],
          "originalOriginMeters": [
            2,
            1.5,
            0.375
          ],
          "dimensions": [
            8,
            1,
            17
          ],
          "offset": [
            0,
            0,
            0
          ],
          "sourceSlotSha256": "3654da25dd1bae2cc27c2e3d0d7e9e9755280ca7f3ae5d4aa18d32a0fc094384"
        },
        {
          "ownerId": "shelter-shell",
          "sourceNamespace": "rd02-authored-cells-v1",
          "sourceRevision": 0,
          "regionId": "shelter-shell",
          "fixtureDigest": "442cf721ac4cccdc75004e9d03848fa57cebaac2a9b930ab731bbead417af3b2",
          "recipeSha256": "0ff438e3dcc43bcbe33069577b8cd1c61a3ab6752ccc37cdb3b892ca1d886af4",
          "sourceIds": [
            "cave",
            "high-roof",
            "low-roof",
            "overhang",
            "side-entry"
          ],
          "sourceIdMeaning": {},
          "originalDimensions": [
            40,
            32,
            32
          ],
          "originalOriginMeters": [
            0,
            0,
            0
          ],
          "dimensions": [
            40,
            32,
            32
          ],
          "offset": [
            0,
            0,
            0
          ],
          "sourceSlotSha256": "b1aa334474aee82b8a621369edf72edfb539bf9bb436b0b8bb5d37df1bcf08dc"
        }
      ],
      "rendered": {
        "tick": 0,
        "fixtureDigest": "442cf721ac4cccdc75004e9d03848fa57cebaac2a9b930ab731bbead417af3b2",
        "sourceRevision": 0,
        "resetTick": null
      }
    },
    {
      "name": "F00-greedy-no-ao-tick0",
      "stable": true,
      "status": "Host render submitted. Native numeric/image/depth-water qualification still NOT RUN; this is not an art/performance PASS.",
      "bridge": false,
      "selections": {
        "fixture": "F00-CONTROL-REPLAY",
        "variant": "greedy-no-ao",
        "camera": "far",
        "tick": "0",
        "resolution": "1280x720",
        "dpr": "1"
      },
      "canvas": {
        "path": "F00-greedy-no-ao-tick0-canvas.png",
        "bytes": 11880,
        "sha256": "06f8f264493268da472a0c840c7eeef0384a757d507a50faf227900dc928eb15",
        "width": 1320,
        "height": 743
      },
      "ui": {
        "path": "F00-greedy-no-ao-tick0-ui.png",
        "bytes": 53987,
        "sha256": "3a563071b8de928b3a3d5afbe56b2d6b7c5acd9731d095e403e55d4aae9763cb",
        "width": 1600,
        "height": 1118
      },
      "box": {
        "x": 140,
        "y": 334.0625,
        "width": 1320,
        "height": 742.5
      },
      "frame": {
        "cameraId": "far",
        "paused": false,
        "seconds": 0,
        "sourceRevision": 0,
        "tick": 0,
        "weather": {
          "cloud01": 0.1,
          "rain01": 0,
          "snow01": 0,
          "windMps": [
            0,
            0,
            0
          ]
        }
      },
      "source": [
        {
          "ownerId": "control",
          "sourceNamespace": "rd02-authored-cells-v1",
          "sourceRevision": 0,
          "regionId": "control-cells",
          "fixtureDigest": "378513d00d5f2a11f569ff0748d4e42ac1832674104febd052070f0fd258b81d",
          "recipeSha256": "6a4e4b7d2fde3944b1efb434453d1651697a005fb43af02d92b688ccecdaa5c8",
          "sourceIds": [
            "material-planes",
            "single-shadow-caster",
            "steps"
          ],
          "sourceIdMeaning": {},
          "originalDimensions": [
            32,
            24,
            24
          ],
          "originalOriginMeters": [
            0,
            0,
            0
          ],
          "dimensions": [
            32,
            24,
            24
          ],
          "offset": [
            0,
            0,
            0
          ],
          "sourceSlotSha256": "b51a18f630293e605a51dbeaf0052f0c8665f3ce2e849de1d67ebcfaadeb92cc"
        }
      ],
      "rendered": {
        "tick": 0,
        "fixtureDigest": "378513d00d5f2a11f569ff0748d4e42ac1832674104febd052070f0fd258b81d",
        "sourceRevision": 0,
        "resetTick": null
      }
    },
    {
      "name": "F00-rays-no-ao-tick0",
      "stable": true,
      "status": "FAIL / hidden, no old version drawing: Error: Projection terminated before render submission. Explicit Remount is required.",
      "bridge": false,
      "selections": {
        "fixture": "F00-CONTROL-REPLAY",
        "variant": "rays-no-ao",
        "camera": "far",
        "tick": "0",
        "resolution": "1280x720",
        "dpr": "1"
      },
      "canvas": null,
      "ui": {
        "path": "F00-rays-no-ao-tick0-ui.png",
        "bytes": 45078,
        "sha256": "df40f69cac27f1d435bbd5720535465dbf759ac415a1672677b1d3d16c9dd9b9",
        "width": 1600,
        "height": 1100
      },
      "box": null
    },
    {
      "name": "F01-greedy-no-ao-tick0",
      "stable": true,
      "status": "Host render submitted. Native numeric/image/depth-water qualification still NOT RUN; this is not an art/performance PASS.",
      "bridge": false,
      "selections": {
        "fixture": "F01-HVP-COAST-REPLAY",
        "variant": "greedy-no-ao",
        "camera": "C02-SHORE",
        "tick": "0",
        "resolution": "1280x720",
        "dpr": "1"
      },
      "canvas": {
        "path": "F01-greedy-no-ao-tick0-canvas.png",
        "bytes": 96377,
        "sha256": "ffdf2a4f33fd8336e4889347c36c1535134c97b399d368bd0d0c64b38549f094",
        "width": 1320,
        "height": 743
      },
      "ui": {
        "path": "F01-greedy-no-ao-tick0-ui.png",
        "bytes": 140659,
        "sha256": "d85862e6ee8b68dfcedc56d107f6eeef86f92ddafe09bf5b7af14ae9f42cb12c",
        "width": 1600,
        "height": 1118
      },
      "box": {
        "x": 140,
        "y": 334.0625,
        "width": 1320,
        "height": 742.5
      },
      "frame": {
        "cameraId": "C02-SHORE",
        "paused": false,
        "seconds": 0,
        "sourceRevision": 0,
        "tick": 0,
        "weather": {
          "cloud01": 0.1,
          "rain01": 0,
          "snow01": 0,
          "windMps": [
            0,
            0,
            0
          ]
        }
      },
      "source": [
        {
          "ownerId": "hvp:terrain",
          "sourceNamespace": "hvp-source-global-slot-v5",
          "sourceRevision": 0,
          "regionId": "coast-crop",
          "fixtureDigest": "688fda7d61d4d4a68a9917841ba8b7cb2722e04ddd6c4d9ce53039314d0b5b08",
          "recipeSha256": "e65416ef10e7e07a72bdd2129cd2a26523d5ffbbe293a27f3542957ec17b5df8",
          "sourceIds": [
            "crop-volume",
            "slot/100/75/88",
            "slot/160/61/76",
            "slot/76/73/124",
            "slot/88/79/88"
          ],
          "sourceIdMeaning": {},
          "originalDimensions": [
            192,
            80,
            192
          ],
          "originalOriginMeters": [
            -8,
            -2,
            -8
          ],
          "dimensions": [
            64,
            64,
            64
          ],
          "offset": [
            32,
            0,
            16
          ],
          "sourceSlotSha256": "561b1ea853ee6377ec78337016725d6771f178e734925dd0d6d3a33ec7056c0a"
        }
      ],
      "rendered": {
        "tick": 0,
        "fixtureDigest": "688fda7d61d4d4a68a9917841ba8b7cb2722e04ddd6c4d9ce53039314d0b5b08",
        "sourceRevision": 0,
        "resetTick": null
      }
    },
    {
      "name": "F01-rays-no-ao-tick0",
      "stable": true,
      "status": "FAIL / hidden, no old version drawing: Error: Projection terminated before render submission. Explicit Remount is required.",
      "bridge": false,
      "selections": {
        "fixture": "F01-HVP-COAST-REPLAY",
        "variant": "rays-no-ao",
        "camera": "C02-SHORE",
        "tick": "0",
        "resolution": "1280x720",
        "dpr": "1"
      },
      "canvas": null,
      "ui": {
        "path": "F01-rays-no-ao-tick0-ui.png",
        "bytes": 45596,
        "sha256": "37850fd234bf765c8184bcca8a47d907cea59bccf5f9feb7478718072fb42d1f",
        "width": 1600,
        "height": 1100
      },
      "box": null
    },
    {
      "name": "F03-greedy-dpr2-controls",
      "stable": true,
      "status": "Host render submitted. Native numeric/image/depth-water qualification still NOT RUN; this is not an art/performance PASS.",
      "bridge": false,
      "selections": {
        "fixture": "F03-SHELTER-REPLAY",
        "variant": "greedy-no-ao",
        "camera": "medium",
        "tick": "0",
        "resolution": "960x540",
        "dpr": "2"
      },
      "canvas": {
        "path": "F03-greedy-dpr2-controls-canvas.png",
        "bytes": 19745,
        "sha256": "4d51d3895cc7b46748431e37bd8944cd673ce23465bb63d7ec22430f47a8cccb",
        "width": 1320,
        "height": 743
      },
      "ui": {
        "path": "F03-greedy-dpr2-controls-ui.png",
        "bytes": 62431,
        "sha256": "c72181af63352388d4b75a57f781cbc7b9aa5b59a9a3573010e0f7112faf31f0",
        "width": 1600,
        "height": 1118
      },
      "box": {
        "x": 140,
        "y": 334.0625,
        "width": 1320,
        "height": 742.5
      },
      "frame": {
        "cameraId": "medium",
        "paused": false,
        "seconds": 0,
        "sourceRevision": 0,
        "tick": 0,
        "weather": {
          "cloud01": 0.1,
          "rain01": 0,
          "snow01": 0,
          "windMps": [
            0,
            0,
            0
          ]
        }
      },
      "source": [
        {
          "ownerId": "removable-roof",
          "sourceNamespace": "rd02-authored-cells-v1",
          "sourceRevision": 0,
          "regionId": "removable-roof-cells",
          "fixtureDigest": "442cf721ac4cccdc75004e9d03848fa57cebaac2a9b930ab731bbead417af3b2",
          "recipeSha256": "0ff438e3dcc43bcbe33069577b8cd1c61a3ab6752ccc37cdb3b892ca1d886af4",
          "sourceIds": [
            "roof-piece"
          ],
          "sourceIdMeaning": {},
          "originalDimensions": [
            8,
            1,
            17
          ],
          "originalOriginMeters": [
            2,
            1.5,
            0.375
          ],
          "dimensions": [
            8,
            1,
            17
          ],
          "offset": [
            0,
            0,
            0
          ],
          "sourceSlotSha256": "3654da25dd1bae2cc27c2e3d0d7e9e9755280ca7f3ae5d4aa18d32a0fc094384"
        },
        {
          "ownerId": "shelter-shell",
          "sourceNamespace": "rd02-authored-cells-v1",
          "sourceRevision": 0,
          "regionId": "shelter-shell",
          "fixtureDigest": "442cf721ac4cccdc75004e9d03848fa57cebaac2a9b930ab731bbead417af3b2",
          "recipeSha256": "0ff438e3dcc43bcbe33069577b8cd1c61a3ab6752ccc37cdb3b892ca1d886af4",
          "sourceIds": [
            "cave",
            "high-roof",
            "low-roof",
            "overhang",
            "side-entry"
          ],
          "sourceIdMeaning": {},
          "originalDimensions": [
            40,
            32,
            32
          ],
          "originalOriginMeters": [
            0,
            0,
            0
          ],
          "dimensions": [
            40,
            32,
            32
          ],
          "offset": [
            0,
            0,
            0
          ],
          "sourceSlotSha256": "b1aa334474aee82b8a621369edf72edfb539bf9bb436b0b8bb5d37df1bcf08dc"
        }
      ],
      "rendered": {
        "tick": 0,
        "fixtureDigest": "442cf721ac4cccdc75004e9d03848fa57cebaac2a9b930ab731bbead417af3b2",
        "sourceRevision": 0,
        "resetTick": null
      }
    },
    {
      "name": "F03-greedy-no-ao-tick120",
      "stable": true,
      "status": "Host render submitted. Native numeric/image/depth-water qualification still NOT RUN; this is not an art/performance PASS.",
      "bridge": false,
      "selections": {
        "fixture": "F03-SHELTER-REPLAY",
        "variant": "greedy-no-ao",
        "camera": "far",
        "tick": "120",
        "resolution": "1280x720",
        "dpr": "1"
      },
      "canvas": {
        "path": "F03-greedy-no-ao-tick120-canvas.png",
        "bytes": 15351,
        "sha256": "4a2aa39aab16830a0961c51917b29e78d884e675c0d14184cc3ff847e6b10677",
        "width": 1320,
        "height": 743
      },
      "ui": {
        "path": "F03-greedy-no-ao-tick120-ui.png",
        "bytes": 57417,
        "sha256": "2264abfcf091b40cfed655e3e492e65ae284331711f4d13a1cdd2023729bc1ec",
        "width": 1600,
        "height": 1118
      },
      "box": {
        "x": 140,
        "y": 334.0625,
        "width": 1320,
        "height": 742.5
      },
      "frame": {
        "cameraId": "far",
        "paused": false,
        "seconds": 2,
        "sourceRevision": 0,
        "tick": 120,
        "weather": {
          "cloud01": 0.1,
          "rain01": 0,
          "snow01": 0,
          "windMps": [
            0,
            0,
            0
          ]
        }
      },
      "source": [
        {
          "ownerId": "removable-roof",
          "sourceNamespace": "rd02-authored-cells-v1",
          "sourceRevision": 0,
          "regionId": "removable-roof-cells",
          "fixtureDigest": "442cf721ac4cccdc75004e9d03848fa57cebaac2a9b930ab731bbead417af3b2",
          "recipeSha256": "0ff438e3dcc43bcbe33069577b8cd1c61a3ab6752ccc37cdb3b892ca1d886af4",
          "sourceIds": [
            "roof-piece"
          ],
          "sourceIdMeaning": {},
          "originalDimensions": [
            8,
            1,
            17
          ],
          "originalOriginMeters": [
            2,
            1.5,
            0.375
          ],
          "dimensions": [
            8,
            1,
            17
          ],
          "offset": [
            0,
            0,
            0
          ],
          "sourceSlotSha256": "3654da25dd1bae2cc27c2e3d0d7e9e9755280ca7f3ae5d4aa18d32a0fc094384"
        },
        {
          "ownerId": "shelter-shell",
          "sourceNamespace": "rd02-authored-cells-v1",
          "sourceRevision": 0,
          "regionId": "shelter-shell",
          "fixtureDigest": "442cf721ac4cccdc75004e9d03848fa57cebaac2a9b930ab731bbead417af3b2",
          "recipeSha256": "0ff438e3dcc43bcbe33069577b8cd1c61a3ab6752ccc37cdb3b892ca1d886af4",
          "sourceIds": [
            "cave",
            "high-roof",
            "low-roof",
            "overhang",
            "side-entry"
          ],
          "sourceIdMeaning": {},
          "originalDimensions": [
            40,
            32,
            32
          ],
          "originalOriginMeters": [
            0,
            0,
            0
          ],
          "dimensions": [
            40,
            32,
            32
          ],
          "offset": [
            0,
            0,
            0
          ],
          "sourceSlotSha256": "b1aa334474aee82b8a621369edf72edfb539bf9bb436b0b8bb5d37df1bcf08dc"
        }
      ],
      "rendered": {
        "tick": 120,
        "fixtureDigest": "442cf721ac4cccdc75004e9d03848fa57cebaac2a9b930ab731bbead417af3b2",
        "sourceRevision": 0,
        "resetTick": null
      }
    },
    {
      "name": "F03-rays-no-ao-tick120",
      "stable": true,
      "status": "FAIL / hidden, no old version drawing: Error: Projection terminated before render submission. Explicit Remount is required.",
      "bridge": false,
      "selections": {
        "fixture": "F03-SHELTER-REPLAY",
        "variant": "rays-no-ao",
        "camera": "far",
        "tick": "0",
        "resolution": "1280x720",
        "dpr": "1"
      },
      "canvas": null,
      "ui": {
        "path": "F03-rays-no-ao-tick120-ui.png",
        "bytes": 44905,
        "sha256": "3710b2a94d6421ea5d3a4ecae5c6f3ca2b59d456dac13a6cd23de28c3bd36ffa",
        "width": 1600,
        "height": 1100
      },
      "box": null
    },
    {
      "name": "F04-greedy-no-ao-tick120",
      "stable": true,
      "status": "Host render submitted. Native numeric/image/depth-water qualification still NOT RUN; this is not an art/performance PASS.",
      "bridge": false,
      "selections": {
        "fixture": "F04-DETACH-REPLAY",
        "variant": "greedy-no-ao",
        "camera": "far",
        "tick": "120",
        "resolution": "1280x720",
        "dpr": "1"
      },
      "canvas": {
        "path": "F04-greedy-no-ao-tick120-canvas.png",
        "bytes": 7008,
        "sha256": "44930cff9939f8995284a1dd4cbea5b85ded4afc2fac6443ba0d82865af9c2d8",
        "width": 1320,
        "height": 743
      },
      "ui": {
        "path": "F04-greedy-no-ao-tick120-ui.png",
        "bytes": 48865,
        "sha256": "04692e56cd202965c816721a52ed73c69088f6aa12e0beff4888776910a44cf7",
        "width": 1600,
        "height": 1118
      },
      "box": {
        "x": 140,
        "y": 334.0625,
        "width": 1320,
        "height": 742.5
      },
      "frame": {
        "cameraId": "far",
        "paused": false,
        "seconds": 2,
        "sourceRevision": 0,
        "tick": 120,
        "weather": {
          "cloud01": 0.1,
          "rain01": 0,
          "snow01": 0,
          "windMps": [
            0,
            0,
            0
          ]
        }
      },
      "source": [
        {
          "ownerId": "tree-main",
          "sourceNamespace": "rd02-authored-cells-v1",
          "sourceRevision": 0,
          "regionId": "fragment-leaf",
          "fixtureDigest": "92296096278b054830d3aabf3f320a68f568ec3a9e3b00e310a6c83751c7095b",
          "recipeSha256": "643f409f26aa4dabe3926f2141701c797c21a753ae8d117a92c45d176f194b45",
          "sourceIds": [
            "branch:leaf/0/0/0",
            "branch:wood/0/0/0",
            "trunk/10/0/10"
          ],
          "sourceIdMeaning": {
            "branch:leaf/0/0/0": {
              "region": "fragment-leaf",
              "cell": [
                0,
                0,
                0
              ]
            },
            "branch:wood/0/0/0": {
              "region": "fragment-wood",
              "cell": [
                0,
                0,
                0
              ]
            },
            "trunk/10/0/10": {
              "region": "trunk-cells",
              "cell": [
                10,
                0,
                10
              ]
            }
          },
          "originalDimensions": [
            4,
            3,
            4
          ],
          "originalOriginMeters": [
            1,
            2.875,
            -0.25
          ],
          "dimensions": [
            4,
            3,
            4
          ],
          "offset": [
            0,
            0,
            0
          ],
          "sourceSlotSha256": "9d4d9b7e821f3cc4c1d92c6c31d71862dbb0ba643a414b3960d750bab09c4b82"
        },
        {
          "ownerId": "tree-main",
          "sourceNamespace": "rd02-authored-cells-v1",
          "sourceRevision": 0,
          "regionId": "fragment-wood",
          "fixtureDigest": "92296096278b054830d3aabf3f320a68f568ec3a9e3b00e310a6c83751c7095b",
          "recipeSha256": "643f409f26aa4dabe3926f2141701c797c21a753ae8d117a92c45d176f194b45",
          "sourceIds": [
            "branch:leaf/0/0/0",
            "branch:wood/0/0/0",
            "trunk/10/0/10"
          ],
          "sourceIdMeaning": {
            "branch:leaf/0/0/0": {
              "region": "fragment-leaf",
              "cell": [
                0,
                0,
                0
              ]
            },
            "branch:wood/0/0/0": {
              "region": "fragment-wood",
              "cell": [
                0,
                0,
                0
              ]
            },
            "trunk/10/0/10": {
              "region": "trunk-cells",
              "cell": [
                10,
                0,
                10
              ]
            }
          },
          "originalDimensions": [
            8,
            4,
            4
          ],
          "originalOriginMeters": [
            0.25,
            2.5,
            -0.25
          ],
          "dimensions": [
            8,
            4,
            4
          ],
          "offset": [
            0,
            0,
            0
          ],
          "sourceSlotSha256": "b9cc204811abcb8134013ac53ee69b449ea38afd9cdcc30efb67358b4b885ee7"
        },
        {
          "ownerId": "tree-main",
          "sourceNamespace": "rd02-authored-cells-v1",
          "sourceRevision": 0,
          "regionId": "trunk-cells",
          "fixtureDigest": "92296096278b054830d3aabf3f320a68f568ec3a9e3b00e310a6c83751c7095b",
          "recipeSha256": "643f409f26aa4dabe3926f2141701c797c21a753ae8d117a92c45d176f194b45",
          "sourceIds": [
            "branch:leaf/0/0/0",
            "branch:wood/0/0/0",
            "trunk/10/0/10"
          ],
          "sourceIdMeaning": {
            "branch:leaf/0/0/0": {
              "region": "fragment-leaf",
              "cell": [
                0,
                0,
                0
              ]
            },
            "branch:wood/0/0/0": {
              "region": "fragment-wood",
              "cell": [
                0,
                0,
                0
              ]
            },
            "trunk/10/0/10": {
              "region": "trunk-cells",
              "cell": [
                10,
                0,
                10
              ]
            }
          },
          "originalDimensions": [
            24,
            32,
            24
          ],
          "originalOriginMeters": [
            -1.5,
            0,
            -1.5
          ],
          "dimensions": [
            24,
            32,
            24
          ],
          "offset": [
            0,
            0,
            0
          ],
          "sourceSlotSha256": "97263e5d297ce8812be7ea167a18091c60eb67ca1235ec7187b5d61331b3a030"
        }
      ],
      "rendered": {
        "tick": 120,
        "fixtureDigest": "92296096278b054830d3aabf3f320a68f568ec3a9e3b00e310a6c83751c7095b",
        "sourceRevision": 0,
        "resetTick": null
      }
    },
    {
      "name": "F04-rays-no-ao-tick120",
      "stable": true,
      "status": "FAIL / hidden, no old version drawing: Error: Projection terminated before render submission. Explicit Remount is required.",
      "bridge": false,
      "selections": {
        "fixture": "F04-DETACH-REPLAY",
        "variant": "rays-no-ao",
        "camera": "far",
        "tick": "0",
        "resolution": "1280x720",
        "dpr": "1"
      },
      "canvas": null,
      "ui": {
        "path": "F04-rays-no-ao-tick120-ui.png",
        "bytes": 45101,
        "sha256": "54a0c376ef7df0e26ecf1d3078d14c208331c4f55535effb2248b5fb4e62a9a2",
        "width": 1600,
        "height": 1100
      },
      "box": null
    },
    {
      "name": "F05-greedy-no-ao-tick0",
      "stable": true,
      "status": "Host render submitted. Native numeric/image/depth-water qualification still NOT RUN; this is not an art/performance PASS.",
      "bridge": false,
      "selections": {
        "fixture": "F05-CUTOUT-REPLAY",
        "variant": "greedy-no-ao",
        "camera": "far",
        "tick": "0",
        "resolution": "1280x720",
        "dpr": "1"
      },
      "canvas": {
        "path": "F05-greedy-no-ao-tick0-canvas.png",
        "bytes": 15014,
        "sha256": "a9b7ec0512a8a23ad27e639809e32aba858d0b7cf1566c0011f8e44ab3adf699",
        "width": 1320,
        "height": 743
      },
      "ui": {
        "path": "F05-greedy-no-ao-tick0-ui.png",
        "bytes": 57421,
        "sha256": "10bb2319264b253888a60bb9db3cb83d8aa8019e51c5a71c0a9ba0eba3e80687",
        "width": 1600,
        "height": 1118
      },
      "box": {
        "x": 140,
        "y": 334.0625,
        "width": 1320,
        "height": 742.5
      },
      "frame": {
        "cameraId": "far",
        "paused": false,
        "seconds": 0,
        "sourceRevision": 0,
        "tick": 0,
        "weather": {
          "cloud01": 0.1,
          "rain01": 0,
          "snow01": 0,
          "windMps": [
            0,
            0,
            0
          ]
        }
      },
      "source": [
        {
          "ownerId": "cutout-obstacles",
          "sourceNamespace": "rd02-authored-cells-v1",
          "sourceRevision": 0,
          "regionId": "cutout-obstacles",
          "fixtureDigest": "c24de4c1597713e11935bf98e8fe7c5a312a615ee3544831f6f97b74c948b904",
          "recipeSha256": "dce3b1403515e723955df758894f0d3eabff74971953d72a7576f3755e626d10",
          "sourceIds": [
            "left-wall",
            "right-wall",
            "root-arch",
            "window"
          ],
          "sourceIdMeaning": {},
          "originalDimensions": [
            40,
            28,
            40
          ],
          "originalOriginMeters": [
            0,
            0,
            0
          ],
          "dimensions": [
            40,
            28,
            40
          ],
          "offset": [
            0,
            0,
            0
          ],
          "sourceSlotSha256": "09481596d2a2a977dd4494caf151028f04750a1981b6104b4cdfd594445145bc"
        }
      ],
      "rendered": {
        "tick": 0,
        "fixtureDigest": "c24de4c1597713e11935bf98e8fe7c5a312a615ee3544831f6f97b74c948b904",
        "sourceRevision": 0,
        "resetTick": null
      }
    },
    {
      "name": "F05-rays-no-ao-tick0",
      "stable": true,
      "status": "FAIL / hidden, no old version drawing: Error: Projection terminated before render submission. Explicit Remount is required.",
      "bridge": false,
      "selections": {
        "fixture": "F05-CUTOUT-REPLAY",
        "variant": "rays-no-ao",
        "camera": "far",
        "tick": "0",
        "resolution": "1280x720",
        "dpr": "1"
      },
      "canvas": null,
      "ui": {
        "path": "F05-rays-no-ao-tick0-ui.png",
        "bytes": 45055,
        "sha256": "f3536f023e08d2d2ff7138c94d32dfa3dcaee996409fca5779ef89c68575ddbd",
        "width": 1600,
        "height": 1100
      },
      "box": null
    },
    {
      "name": "F06-greedy-no-ao-tick90",
      "stable": true,
      "status": "Host render submitted. Native numeric/image/depth-water qualification still NOT RUN; this is not an art/performance PASS.",
      "bridge": false,
      "selections": {
        "fixture": "F06-MATERIAL-REPLAY",
        "variant": "greedy-no-ao",
        "camera": "far",
        "tick": "90",
        "resolution": "1280x720",
        "dpr": "1"
      },
      "canvas": {
        "path": "F06-greedy-no-ao-tick90-canvas.png",
        "bytes": 15655,
        "sha256": "2b46d855dd8f363d7d586660ffe0c3621add3a41a9ed44741037cdb8c240e705",
        "width": 1320,
        "height": 743
      },
      "ui": {
        "path": "F06-greedy-no-ao-tick90-ui.png",
        "bytes": 58224,
        "sha256": "18f1d0e43b4dabe72f8b73c542639b0d9dc201e3735ab3ffec24680e877a434a",
        "width": 1600,
        "height": 1118
      },
      "box": {
        "x": 140,
        "y": 334.0625,
        "width": 1320,
        "height": 742.5
      },
      "frame": {
        "cameraId": "far",
        "paused": false,
        "seconds": 1.5,
        "sourceRevision": 0,
        "tick": 90,
        "weather": {
          "cloud01": 0.1,
          "rain01": 0,
          "snow01": 0,
          "windMps": [
            0,
            0,
            0
          ]
        }
      },
      "source": [
        {
          "ownerId": "material-room",
          "sourceNamespace": "rd02-authored-cells-v1",
          "sourceRevision": 0,
          "regionId": "material-room",
          "fixtureDigest": "5976e63aa161bd738d2267d67594c0c6cb8c6a1db2131c9ad3a71b2021ddc5cf",
          "recipeSha256": "6040b36db450654c3688e2233f8cfb55f53da30fc0d0f0340d6c29200c99c433",
          "sourceIds": [
            "dry-face",
            "emitter",
            "foliage",
            "opening",
            "wet-face",
            "wood"
          ],
          "sourceIdMeaning": {},
          "originalDimensions": [
            40,
            28,
            32
          ],
          "originalOriginMeters": [
            0,
            0,
            0
          ],
          "dimensions": [
            40,
            28,
            32
          ],
          "offset": [
            0,
            0,
            0
          ],
          "sourceSlotSha256": "a487a59ca423d87f08307933769d91f01caab957a9aaa71278f0bec7976c8559"
        }
      ],
      "rendered": {
        "tick": 90,
        "fixtureDigest": "5976e63aa161bd738d2267d67594c0c6cb8c6a1db2131c9ad3a71b2021ddc5cf",
        "sourceRevision": 0,
        "resetTick": null
      }
    },
    {
      "name": "F06-rays-no-ao-tick90",
      "stable": true,
      "status": "FAIL / hidden, no old version drawing: Error: Projection terminated before render submission. Explicit Remount is required.",
      "bridge": false,
      "selections": {
        "fixture": "F06-MATERIAL-REPLAY",
        "variant": "rays-no-ao",
        "camera": "far",
        "tick": "0",
        "resolution": "1280x720",
        "dpr": "1"
      },
      "canvas": null,
      "ui": {
        "path": "F06-rays-no-ao-tick90-ui.png",
        "bytes": 45190,
        "sha256": "2cab10a08447a30eafdc8baaca8c3c7ed3dfb94192e8838523d43bff64750f77",
        "width": 1600,
        "height": 1100
      },
      "box": null
    },
    {
      "name": "normal-home-tool",
      "stable": true,
      "status": "FAIL / hidden, no old version drawing: Error: Projection terminated before render submission. Explicit Remount is required.",
      "bridge": false,
      "selections": {
        "fixture": "F00-CONTROL-REPLAY",
        "variant": "rays-no-ao",
        "camera": "far",
        "tick": "0",
        "resolution": "1280x720",
        "dpr": "1"
      },
      "canvas": null,
      "ui": {
        "path": "normal-home-tool-ui.png",
        "bytes": 45063,
        "sha256": "d564aa8242c2232a5d2ae2503d4c7c87155a7b99d7c06b511870fb54b6ef8ca3",
        "width": 1600,
        "height": 1100
      },
      "box": null
    }
  ],
  "inventory": [
    {
      "path": "captures",
      "count": 37,
      "bytes": 1284345
    },
    {
      "path": "cases",
      "count": 10,
      "bytes": 8852327
    },
    {
      "path": "flows",
      "count": 3,
      "bytes": 378619
    },
    {
      "path": "diagnosis",
      "count": 1,
      "bytes": 48722
    },
    {
      "path": "numeric",
      "count": 1,
      "bytes": 8121
    },
    {
      "path": "commands",
      "count": 48,
      "bytes": 19634
    },
    {
      "path": "pw-output",
      "count": 25,
      "bytes": 3283225
    },
    {
      "path": "helper-history",
      "count": 34,
      "bytes": 143303
    }
  ],
  "productIntegrated": false,
  "nativeExecuted": false
}
